// Jest Snapshot v1, https://goo.gl/fbAQLP

exports[`renders correctly 1`] = `
<div>
  <h1
    className="ui header dividing artivle-title"
  >
    會員管理
  </h1>
  <div
    style={
      Object {
        "textAlign": "right",
      }
    }
  >
    <div
      className="ui icon input"
      style={
        Object {
          "marginRight": "20px",
        }
      }
    >
      <input
        onChange={[Function]}
        placeholder="搜尋"
        title="搜尋時間請依照格式搜尋"
        type="text"
        value=""
      />
      <i
        className="search icon"
      />
    </div>
    <button
      className="ui blue button"
      onClick={[Function]}
    >
      新增會員
    </button>
  </div>
  <table
    className="ui celled table"
  >
    <thead
      className=""
    >
      <tr
        className=""
      >
        <th
          className=""
        >
          序號
        </th>
        <th
          className=""
        >
          名字
        </th>
        <th
          className=""
        >
          是否啟用
        </th>
        <th
          className=""
        >
          是否鎖定
        </th>
        <th
          className=""
        >
          建立時間
        </th>
        <th
          className=""
        >
          設定
        </th>
      </tr>
    </thead>
    <tbody
      className=""
    >
      <tr
        className=""
      >
        <td
          className=""
          colSpan="7"
        >
          <div
            className="ui message"
          >
            <div
              className="header"
            >
              找不到符合條件的內容。
            </div>
          </div>
        </td>
      </tr>
    </tbody>
  </table>
</div>
`;
